Worker V2 Starting...
Adapting Trellis2... v3
C:\Users\kingy\miniconda3\envs\trellis2\lib\site-packages\torch\cuda\__init__.py:235: UserWarning: 
NVIDIA GeForce RTX 5080 with CUDA capability sm_120 is not compatible with the current PyTorch installation.
The current PyTorch install supports CUDA capabilities sm_50 sm_60 sm_61 sm_70 sm_75 sm_80 sm_86 sm_90.
If you want to use the NVIDIA GeForce RTX 5080 GPU with PyTorch, please check the instructions at https://pytorch.org/get-started/locally/

  warnings.warn(
Traceback (most recent call last):
  File "D:\Projects\ProjectGenesis\GenesisVIGA\tools\sam3d\adapters\trellis2_adapter.py", line 75, in from_pretrained
    _models[k] = models_module.from_pretrained(f"{path}/{v}")
  File "D:\Projects\ProjectGenesis\TRELLIS.2\trellis2\models\__init__.py", line 65, in from_pretrained
    model = __getattr__(config['name'])(**config['args'], **kwargs)
  File "D:\Projects\ProjectGenesis\TRELLIS.2\trellis2\models\__init__.py", line 28, in __getattr__
    module = importlib.import_module(f".{module_name}", __name__)
  File "C:\Users\kingy\miniconda3\envs\trellis2\lib\importlib\__init__.py", line 126, in import_module
    return _bootstrap._gcd_import(name[level:], package, level)
  File "<frozen importlib._bootstrap>", line 1050, in _gcd_import
  File "<frozen importlib._bootstrap>", line 1027, in _find_and_load
  File "<frozen importlib._bootstrap>", line 1006, in _find_and_load_unlocked
  File "<frozen importlib._bootstrap>", line 688, in _load_unlocked
  File "<frozen importlib._bootstrap_external>", line 883, in exec_module
  File "<frozen importlib._bootstrap>", line 241, in _call_with_frames_removed
  File "D:\Projects\ProjectGenesis\TRELLIS.2\trellis2\models\sc_vaes\fdg_vae.py", line 20, in <module>
    from o_voxel.convert import flexible_dual_grid_to_mesh
ModuleNotFoundError: No module named 'o_voxel'

During handling of the above exception, another exception occurred:

Traceback (most recent call last):
  File "C:\Users\kingy\miniconda3\envs\trellis2\lib\site-packages\huggingface_hub\utils\_http.py", line 657, in hf_raise_for_status
    response.raise_for_status()
  File "C:\Users\kingy\miniconda3\envs\trellis2\lib\site-packages\httpx\_models.py", line 829, in raise_for_status
    raise HTTPStatusError(message, request=request, response=self)
httpx.HTTPStatusError: Client error '404 Not Found' for url 'https://huggingface.co/ckpts/shape_dec_next_dc_f16c32_fp16/resolve/main/.json'
For more information check: https://developer.mozilla.org/en-US/docs/Web/HTTP/Status/404

The above exception was the direct cause of the following exception:

Traceback (most recent call last):
  File "D:\Projects\ProjectGenesis\GenesisVIGA\tools\sam3d\adapters\trellis2_adapter.py", line 150, in __init__
    self.pipeline = CustomTrellis2Pipeline.from_pretrained(model_name, config_file=temp_config_path)
  File "D:\Projects\ProjectGenesis\GenesisVIGA\tools\sam3d\adapters\trellis2_adapter.py", line 78, in from_pretrained
    _models[k] = models_module.from_pretrained(v)
  File "D:\Projects\ProjectGenesis\TRELLIS.2\trellis2\models\__init__.py", line 60, in from_pretrained
    config_file = hf_hub_download(repo_id, f"{model_name}.json")
  File "C:\Users\kingy\miniconda3\envs\trellis2\lib\site-packages\huggingface_hub\utils\_validators.py", line 89, in _inner_fn
    return fn(*args, **kwargs)
  File "C:\Users\kingy\miniconda3\envs\trellis2\lib\site-packages\huggingface_hub\file_download.py", line 1032, in hf_hub_download
    return _hf_hub_download_to_cache_dir(
  File "C:\Users\kingy\miniconda3\envs\trellis2\lib\site-packages\huggingface_hub\file_download.py", line 1183, in _hf_hub_download_to_cache_dir
    _raise_on_head_call_error(head_call_error, force_download, local_files_only)
  File "C:\Users\kingy\miniconda3\envs\trellis2\lib\site-packages\huggingface_hub\file_download.py", line 1812, in _raise_on_head_call_error
    raise head_call_error
  File "C:\Users\kingy\miniconda3\envs\trellis2\lib\site-packages\huggingface_hub\file_download.py", line 1699, in _get_metadata_or_catch_error
    metadata = get_hf_file_metadata(
  File "C:\Users\kingy\miniconda3\envs\trellis2\lib\site-packages\huggingface_hub\utils\_validators.py", line 89, in _inner_fn
    return fn(*args, **kwargs)
  File "C:\Users\kingy\miniconda3\envs\trellis2\lib\site-packages\huggingface_hub\file_download.py", line 1622, in get_hf_file_metadata
    response = _httpx_follow_relative_redirects(
  File "C:\Users\kingy\miniconda3\envs\trellis2\lib\site-packages\huggingface_hub\file_download.py", line 309, in _httpx_follow_relative_redirects
    hf_raise_for_status(response)
  File "C:\Users\kingy\miniconda3\envs\trellis2\lib\site-packages\huggingface_hub\utils\_http.py", line 710, in hf_raise_for_status
    raise _format(RepositoryNotFoundError, message, response) from e
huggingface_hub.errors.RepositoryNotFoundError: 404 Client Error. (Request ID: Root=1-6992ba5f-047ed67c3590fb105a668798;415aab99-5fd1-49f1-90da-b0d762546ebc)

Repository Not Found for url: https://huggingface.co/ckpts/shape_dec_next_dc_f16c32_fp16/resolve/main/.json.
Please make sure you specified the correct `repo_id` and `repo_type`.
If you are trying to access a private or gated repo, make sure you are authenticated. For more details, see https://huggingface.co/docs/huggingface_hub/authentication
Traceback (most recent call last):
  File "D:\Projects\ProjectGenesis\GenesisVIGA\tools\sam3d\adapters\trellis2_adapter.py", line 75, in from_pretrained
    _models[k] = models_module.from_pretrained(f"{path}/{v}")
  File "D:\Projects\ProjectGenesis\TRELLIS.2\trellis2\models\__init__.py", line 65, in from_pretrained
    model = __getattr__(config['name'])(**config['args'], **kwargs)
  File "D:\Projects\ProjectGenesis\TRELLIS.2\trellis2\models\__init__.py", line 28, in __getattr__
    module = importlib.import_module(f".{module_name}", __name__)
  File "C:\Users\kingy\miniconda3\envs\trellis2\lib\importlib\__init__.py", line 126, in import_module
    return _bootstrap._gcd_import(name[level:], package, level)
  File "<frozen importlib._bootstrap>", line 1050, in _gcd_import
  File "<frozen importlib._bootstrap>", line 1027, in _find_and_load
  File "<frozen importlib._bootstrap>", line 1006, in _find_and_load_unlocked
  File "<frozen importlib._bootstrap>", line 688, in _load_unlocked
  File "<frozen importlib._bootstrap_external>", line 883, in exec_module
  File "<frozen importlib._bootstrap>", line 241, in _call_with_frames_removed
  File "D:\Projects\ProjectGenesis\TRELLIS.2\trellis2\models\sc_vaes\fdg_vae.py", line 20, in <module>
    from o_voxel.convert import flexible_dual_grid_to_mesh
ModuleNotFoundError: No module named 'o_voxel'

During handling of the above exception, another exception occurred:

Traceback (most recent call last):
  File "C:\Users\kingy\miniconda3\envs\trellis2\lib\site-packages\huggingface_hub\utils\_http.py", line 657, in hf_raise_for_status
    response.raise_for_status()
  File "C:\Users\kingy\miniconda3\envs\trellis2\lib\site-packages\httpx\_models.py", line 829, in raise_for_status
    raise HTTPStatusError(message, request=request, response=self)
httpx.HTTPStatusError: Client error '404 Not Found' for url 'https://huggingface.co/ckpts/shape_dec_next_dc_f16c32_fp16/resolve/main/.json'
For more information check: https://developer.mozilla.org/en-US/docs/Web/HTTP/Status/404

The above exception was the direct cause of the following exception:

Traceback (most recent call last):
  File "D:\Projects\ProjectGenesis\GenesisVIGA\tools\sam3d\sam3d_worker_v2.py", line 168, in <module>
    main()
  File "D:\Projects\ProjectGenesis\GenesisVIGA\tools\sam3d\sam3d_worker_v2.py", line 130, in main
    inference = Inference(model_name=args.config)
  File "D:\Projects\ProjectGenesis\GenesisVIGA\tools\sam3d\adapters\trellis2_adapter.py", line 156, in __init__
    raise e
  File "D:\Projects\ProjectGenesis\GenesisVIGA\tools\sam3d\adapters\trellis2_adapter.py", line 150, in __init__
    self.pipeline = CustomTrellis2Pipeline.from_pretrained(model_name, config_file=temp_config_path)
  File "D:\Projects\ProjectGenesis\GenesisVIGA\tools\sam3d\adapters\trellis2_adapter.py", line 78, in from_pretrained
    _models[k] = models_module.from_pretrained(v)
  File "D:\Projects\ProjectGenesis\TRELLIS.2\trellis2\models\__init__.py", line 60, in from_pretrained
    config_file = hf_hub_download(repo_id, f"{model_name}.json")
  File "C:\Users\kingy\miniconda3\envs\trellis2\lib\site-packages\huggingface_hub\utils\_validators.py", line 89, in _inner_fn
    return fn(*args, **kwargs)
  File "C:\Users\kingy\miniconda3\envs\trellis2\lib\site-packages\huggingface_hub\file_download.py", line 1032, in hf_hub_download
    return _hf_hub_download_to_cache_dir(
  File "C:\Users\kingy\miniconda3\envs\trellis2\lib\site-packages\huggingface_hub\file_download.py", line 1183, in _hf_hub_download_to_cache_dir
    _raise_on_head_call_error(head_call_error, force_download, local_files_only)
  File "C:\Users\kingy\miniconda3\envs\trellis2\lib\site-packages\huggingface_hub\file_download.py", line 1812, in _raise_on_head_call_error
    raise head_call_error
  File "C:\Users\kingy\miniconda3\envs\trellis2\lib\site-packages\huggingface_hub\file_download.py", line 1699, in _get_metadata_or_catch_error
    metadata = get_hf_file_metadata(
  File "C:\Users\kingy\miniconda3\envs\trellis2\lib\site-packages\huggingface_hub\utils\_validators.py", line 89, in _inner_fn
    return fn(*args, **kwargs)
  File "C:\Users\kingy\miniconda3\envs\trellis2\lib\site-packages\huggingface_hub\file_download.py", line 1622, in get_hf_file_metadata
    response = _httpx_follow_relative_redirects(
  File "C:\Users\kingy\miniconda3\envs\trellis2\lib\site-packages\huggingface_hub\file_download.py", line 309, in _httpx_follow_relative_redirects
    hf_raise_for_status(response)
  File "C:\Users\kingy\miniconda3\envs\trellis2\lib\site-packages\huggingface_hub\utils\_http.py", line 710, in hf_raise_for_status
    raise _format(RepositoryNotFoundError, message, response) from e
huggingface_hub.errors.RepositoryNotFoundError: 404 Client Error. (Request ID: Root=1-6992ba5f-047ed67c3590fb105a668798;415aab99-5fd1-49f1-90da-b0d762546ebc)

Repository Not Found for url: https://huggingface.co/ckpts/shape_dec_next_dc_f16c32_fp16/resolve/main/.json.
Please make sure you specified the correct `repo_id` and `repo_type`.
If you are trying to access a private or gated repo, make sure you are authenticated. For more details, see https://huggingface.co/docs/huggingface_hub/authentication
[SPARSE] Conv backend: flex_gemm; Attention backend: flash_attn
DummyBiRefNet injected into trellis2.pipelines.rembg
Loading TRELLIS.2 model: microsoft/TRELLIS.2-4B...
Patching pipeline config to use DummyBiRefNet...
Using modified config at: C:\Users\kingy\AppData\Local\Temp\tmp87s6h94_.json
[ATTENTION] Using backend: flash_attn
Error initializing custom pipeline: 404 Client Error. (Request ID: Root=1-6992ba5f-047ed67c3590fb105a668798;415aab99-5fd1-49f1-90da-b0d762546ebc)

Repository Not Found for url: https://huggingface.co/ckpts/shape_dec_next_dc_f16c32_fp16/resolve/main/.json.
Please make sure you specified the correct `repo_id` and `repo_type`.
If you are trying to access a private or gated repo, make sure you are authenticated. For more details, see https://huggingface.co/docs/huggingface_hub/authentication. Aborting.
ERROR IN WORKER:
