Worker V2 Starting...
Adapting Trellis2...
[SPARSE] Conv backend: flex_gemm; Attention backend: flash_attn
C:\Users\kingy\miniconda3\envs\trellis2\lib\site-packages\torch\cuda\__init__.py:235: UserWarning: 
NVIDIA GeForce RTX 5080 with CUDA capability sm_120 is not compatible with the current PyTorch installation.
The current PyTorch install supports CUDA capabilities sm_50 sm_60 sm_61 sm_70 sm_75 sm_80 sm_86 sm_90.
If you want to use the NVIDIA GeForce RTX 5080 GPU with PyTorch, please check the instructions at https://pytorch.org/get-started/locally/

  warnings.warn(
Warning: trellis2 package not found or import failed: cannot import name 'postprocessing_utils' from 'trellis2.utils' (D:\Projects\ProjectGenesis\TRELLIS.2\trellis2\utils\__init__.py)
Loading TRELLIS.2 model: microsoft/TRELLIS-2-4B...
Error patching config: 404 Client Error. (Request ID: Root=1-6992aebb-1e3988697f8a98243864f6ad;a5e591d0-54a1-4334-a106-6634decd6b66)

Repository Not Found for url: https://huggingface.co/microsoft/TRELLIS-2-4B/resolve/main/pipeline.json.
Please make sure you specified the correct `repo_id` and `repo_type`.
If you are trying to access a private or gated repo, make sure you are authenticated. For more details, see https://huggingface.co/docs/huggingface_hub/authentication. Falling back to default (might fail due to gated repo).
ERROR IN WORKER:
Traceback (most recent call last):
  File "C:\Users\kingy\miniconda3\envs\trellis2\lib\site-packages\huggingface_hub\utils\_http.py", line 657, in hf_raise_for_status
    response.raise_for_status()
  File "C:\Users\kingy\miniconda3\envs\trellis2\lib\site-packages\httpx\_models.py", line 829, in raise_for_status
    raise HTTPStatusError(message, request=request, response=self)
httpx.HTTPStatusError: Client error '404 Not Found' for url 'https://huggingface.co/microsoft/TRELLIS-2-4B/resolve/main/pipeline.json'
For more information check: https://developer.mozilla.org/en-US/docs/Web/HTTP/Status/404

The above exception was the direct cause of the following exception:

Traceback (most recent call last):
  File "D:\Projects\ProjectGenesis\GenesisVIGA\tools\sam3d\adapters\trellis2_adapter.py", line 51, in __init__
    config_file = hf_hub_download(repo_id=model_name, filename="pipeline.json")
  File "C:\Users\kingy\miniconda3\envs\trellis2\lib\site-packages\huggingface_hub\utils\_validators.py", line 89, in _inner_fn
    return fn(*args, **kwargs)
  File "C:\Users\kingy\miniconda3\envs\trellis2\lib\site-packages\huggingface_hub\file_download.py", line 1032, in hf_hub_download
    return _hf_hub_download_to_cache_dir(
  File "C:\Users\kingy\miniconda3\envs\trellis2\lib\site-packages\huggingface_hub\file_download.py", line 1183, in _hf_hub_download_to_cache_dir
    _raise_on_head_call_error(head_call_error, force_download, local_files_only)
  File "C:\Users\kingy\miniconda3\envs\trellis2\lib\site-packages\huggingface_hub\file_download.py", line 1812, in _raise_on_head_call_error
    raise head_call_error
  File "C:\Users\kingy\miniconda3\envs\trellis2\lib\site-packages\huggingface_hub\file_download.py", line 1699, in _get_metadata_or_catch_error
    metadata = get_hf_file_metadata(
  File "C:\Users\kingy\miniconda3\envs\trellis2\lib\site-packages\huggingface_hub\utils\_validators.py", line 89, in _inner_fn
    return fn(*args, **kwargs)
  File "C:\Users\kingy\miniconda3\envs\trellis2\lib\site-packages\huggingface_hub\file_download.py", line 1622, in get_hf_file_metadata
    response = _httpx_follow_relative_redirects(
  File "C:\Users\kingy\miniconda3\envs\trellis2\lib\site-packages\huggingface_hub\file_download.py", line 309, in _httpx_follow_relative_redirects
    hf_raise_for_status(response)
  File "C:\Users\kingy\miniconda3\envs\trellis2\lib\site-packages\huggingface_hub\utils\_http.py", line 710, in hf_raise_for_status
    raise _format(RepositoryNotFoundError, message, response) from e
huggingface_hub.errors.RepositoryNotFoundError: 404 Client Error. (Request ID: Root=1-6992aebb-1e3988697f8a98243864f6ad;a5e591d0-54a1-4334-a106-6634decd6b66)

Repository Not Found for url: https://huggingface.co/microsoft/TRELLIS-2-4B/resolve/main/pipeline.json.
Please make sure you specified the correct `repo_id` and `repo_type`.
If you are trying to access a private or gated repo, make sure you are authenticated. For more details, see https://huggingface.co/docs/huggingface_hub/authentication

During handling of the above exception, another exception occurred:

Traceback (most recent call last):
  File "C:\Users\kingy\miniconda3\envs\trellis2\lib\site-packages\huggingface_hub\utils\_http.py", line 657, in hf_raise_for_status
    response.raise_for_status()
  File "C:\Users\kingy\miniconda3\envs\trellis2\lib\site-packages\httpx\_models.py", line 829, in raise_for_status
    raise HTTPStatusError(message, request=request, response=self)
httpx.HTTPStatusError: Client error '404 Not Found' for url 'https://huggingface.co/microsoft/TRELLIS-2-4B/resolve/main/pipeline.json'
For more information check: https://developer.mozilla.org/en-US/docs/Web/HTTP/Status/404

The above exception was the direct cause of the following exception:

Traceback (most recent call last):
  File "D:\Projects\ProjectGenesis\GenesisVIGA\tools\sam3d\sam3d_worker_v2.py", line 168, in <module>
    main()
  File "D:\Projects\ProjectGenesis\GenesisVIGA\tools\sam3d\sam3d_worker_v2.py", line 130, in main
    inference = Inference(model_name=args.config)
  File "D:\Projects\ProjectGenesis\GenesisVIGA\tools\sam3d\adapters\trellis2_adapter.py", line 77, in __init__
    self.pipeline = Trellis2ImageTo3DPipeline.from_pretrained(model_name)
  File "D:\Projects\ProjectGenesis\TRELLIS.2\trellis2\pipelines\trellis2_image_to_3d.py", line 89, in from_pretrained
    pipeline = super().from_pretrained(path, config_file)
  File "D:\Projects\ProjectGenesis\TRELLIS.2\trellis2\pipelines\base.py", line 34, in from_pretrained
    config_file = hf_hub_download(path, config_file)
  File "C:\Users\kingy\miniconda3\envs\trellis2\lib\site-packages\huggingface_hub\utils\_validators.py", line 89, in _inner_fn
    return fn(*args, **kwargs)
  File "C:\Users\kingy\miniconda3\envs\trellis2\lib\site-packages\huggingface_hub\file_download.py", line 1032, in hf_hub_download
    return _hf_hub_download_to_cache_dir(
  File "C:\Users\kingy\miniconda3\envs\trellis2\lib\site-packages\huggingface_hub\file_download.py", line 1183, in _hf_hub_download_to_cache_dir
    _raise_on_head_call_error(head_call_error, force_download, local_files_only)
  File "C:\Users\kingy\miniconda3\envs\trellis2\lib\site-packages\huggingface_hub\file_download.py", line 1812, in _raise_on_head_call_error
    raise head_call_error
  File "C:\Users\kingy\miniconda3\envs\trellis2\lib\site-packages\huggingface_hub\file_download.py", line 1699, in _get_metadata_or_catch_error
    metadata = get_hf_file_metadata(
  File "C:\Users\kingy\miniconda3\envs\trellis2\lib\site-packages\huggingface_hub\utils\_validators.py", line 89, in _inner_fn
    return fn(*args, **kwargs)
  File "C:\Users\kingy\miniconda3\envs\trellis2\lib\site-packages\huggingface_hub\file_download.py", line 1622, in get_hf_file_metadata
    response = _httpx_follow_relative_redirects(
  File "C:\Users\kingy\miniconda3\envs\trellis2\lib\site-packages\huggingface_hub\file_download.py", line 309, in _httpx_follow_relative_redirects
    hf_raise_for_status(response)
  File "C:\Users\kingy\miniconda3\envs\trellis2\lib\site-packages\huggingface_hub\utils\_http.py", line 710, in hf_raise_for_status
    raise _format(RepositoryNotFoundError, message, response) from e
huggingface_hub.errors.RepositoryNotFoundError: 404 Client Error. (Request ID: Root=1-6992aebb-4737dbc679da7150660a3c94;20e0919b-bd14-4326-8c15-d9e4e1d0584a)

Repository Not Found for url: https://huggingface.co/microsoft/TRELLIS-2-4B/resolve/main/pipeline.json.
Please make sure you specified the correct `repo_id` and `repo_type`.
If you are trying to access a private or gated repo, make sure you are authenticated. For more details, see https://huggingface.co/docs/huggingface_hub/authentication
